Java HotSpot(TM) 64-Bit Server VM (25.151-b12) for windows-amd64 JRE (1.8.0_151-b12), built on Sep  5 2017 19:33:46 by "java_re" with MS VC++ 10.0 (VS2010)
Memory: 4k page, physical 16614580k(4722460k free), swap 37586100k(17664476k free)
CommandLine flags: -XX:InitialHeapSize=2147483648 -XX:MaxHeapSize=8589934592 -XX:+PrintGC -XX:+PrintGCDateStamps -XX:+PrintGCDetails -XX:+PrintGCTimeStamps -XX:+UseCompressedClassPointers -XX:+UseCompressedOops -XX:-UseLargePagesIndividualAllocation -XX:+UseParallelGC 
2025-10-21T15:59:22.355+0800: 1.026: [GC (Allocation Failure) [PSYoungGen: 524800K->4284K(611840K)] 524800K->4364K(2010112K), 0.0030529 secs] [Times: user=0.00 sys=0.00, real=0.00 secs] 
2025-10-21T15:59:23.683+0800: 2.354: [GC (Allocation Failure) [PSYoungGen: 529084K->16326K(611840K)] 529164K->16422K(2010112K), 0.0119145 secs] [Times: user=0.00 sys=0.00, real=0.01 secs] 
2025-10-21T15:59:24.668+0800: 3.338: [GC (Metadata GC Threshold) [PSYoungGen: 399116K->13327K(611840K)] 399212K->13431K(2010112K), 0.0076815 secs] [Times: user=0.00 sys=0.00, real=0.01 secs] 
2025-10-21T15:59:24.675+0800: 3.346: [Full GC (Metadata GC Threshold) [PSYoungGen: 13327K->0K(611840K)] [ParOldGen: 104K->12886K(1398272K)] 13431K->12886K(2010112K), [Metaspace: 20852K->20845K(1067008K)], 0.0336427 secs] [Times: user=0.08 sys=0.08, real=0.03 secs] 
2025-10-21T15:59:25.764+0800: 4.434: [GC (Allocation Failure) [PSYoungGen: 524800K->5990K(611840K)] 537686K->18877K(2010112K), 0.0037992 secs] [Times: user=0.00 sys=0.00, real=0.00 secs] 
2025-10-21T15:59:26.672+0800: 5.343: [GC (Allocation Failure) [PSYoungGen: 530790K->6873K(611840K)] 543677K->19759K(2010112K), 0.0044623 secs] [Times: user=0.00 sys=0.00, real=0.01 secs] 
2025-10-21T15:59:30.331+0800: 9.001: [GC (Allocation Failure) [PSYoungGen: 531673K->14066K(696320K)] 544559K->26961K(2094592K), 0.0075951 secs] [Times: user=0.00 sys=0.00, real=0.01 secs] 
2025-10-21T15:59:31.576+0800: 10.247: [GC (Metadata GC Threshold) [PSYoungGen: 159041K->13755K(713216K)] 171936K->26657K(2111488K), 0.0096036 secs] [Times: user=0.00 sys=0.00, real=0.01 secs] 
2025-10-21T15:59:31.586+0800: 10.256: [Full GC (Metadata GC Threshold) [PSYoungGen: 13755K->0K(713216K)] [ParOldGen: 12902K->22549K(1410560K)] 26657K->22549K(2123776K), [Metaspace: 34903K->34903K(1079296K)], 0.0493130 secs] [Times: user=0.14 sys=0.05, real=0.05 secs] 
2025-10-21T16:09:59.831+0800: 638.501: [GC (Allocation Failure) [PSYoungGen: 693555K->19952K(702464K)] 716105K->71805K(2113024K), 0.0148280 secs] [Times: user=0.05 sys=0.06, real=0.01 secs] 
2025-10-21T16:20:47.582+0800: 1286.252: [GC (Allocation Failure) [PSYoungGen: 702448K->34260K(706048K)] 754301K->111438K(2116608K), 0.0183861 secs] [Times: user=0.11 sys=0.00, real=0.02 secs] 
2025-10-21T16:35:32.677+0800: 2171.348: [GC (Allocation Failure) [PSYoungGen: 706004K->17889K(678912K)] 783182K->132970K(2089472K), 0.0154505 secs] [Times: user=0.09 sys=0.03, real=0.02 secs] 
2025-10-21T16:35:43.145+0800: 2181.815: [GC (GCLocker Initiated GC) [PSYoungGen: 194236K->24497K(675328K)] 309318K->139586K(2085888K), 0.0123575 secs] [Times: user=0.09 sys=0.00, real=0.01 secs] 
2025-10-21T16:36:13.066+0800: 2211.737: [GC (GCLocker Initiated GC) [PSYoungGen: 452580K->47017K(687616K)] 567670K->214099K(2098176K), 0.0160402 secs] [Times: user=0.11 sys=0.02, real=0.02 secs] 
2025-10-21T16:36:39.375+0800: 2238.045: [GC (GCLocker Initiated GC) [PSYoungGen: 397608K->57842K(688640K)] 564690K->274392K(2099200K), 0.0237052 secs] [Times: user=0.05 sys=0.06, real=0.02 secs] 
2025-10-21T16:51:30.813+0800: 3129.485: [GC (Allocation Failure) [PSYoungGen: 688626K->11248K(632320K)] 905176K->350459K(2042880K), 0.0438153 secs] [Times: user=0.23 sys=0.13, real=0.05 secs] 
2025-10-21T16:51:34.553+0800: 3133.225: [GC (Allocation Failure) [PSYoungGen: 632304K->14089K(626176K)] 971515K->353308K(2036736K), 0.0156811 secs] [Times: user=0.08 sys=0.02, real=0.02 secs] 
2025-10-21T16:51:35.034+0800: 3133.713: [GC (Allocation Failure) [PSYoungGen: 625929K->14761K(693760K)] 965148K->353988K(2104320K), 0.0191757 secs] [Times: user=0.05 sys=0.08, real=0.03 secs] 
2025-10-21T16:51:35.446+0800: 3134.117: [GC (Allocation Failure) [PSYoungGen: 617385K->14665K(714240K)] 956612K->354788K(2124800K), 0.0091032 secs] [Times: user=0.06 sys=0.06, real=0.01 secs] 
2025-10-21T16:51:39.523+0800: 3138.195: [GC (Allocation Failure) [PSYoungGen: 617289K->11159K(824832K)] 957412K->352946K(2235392K), 0.0148993 secs] [Times: user=0.11 sys=0.00, real=0.01 secs] 
2025-10-21T16:51:39.976+0800: 3138.651: [GC (Allocation Failure) [PSYoungGen: 745879K->11879K(839680K)] 1087666K->353994K(2250240K), 0.0082261 secs] [Times: user=0.00 sys=0.00, real=0.01 secs] 
2025-10-21T16:51:40.325+0800: 3139.007: [GC (Allocation Failure) [PSYoungGen: 746599K->4480K(1010688K)] 1088714K->354891K(2421248K), 0.0082733 secs] [Times: user=0.09 sys=0.03, real=0.02 secs] 
2025-10-21T16:51:44.524+0800: 3143.195: [GC (Allocation Failure) [PSYoungGen: 914304K->1152K(1008128K)] 1264715K->353563K(2418688K), 0.0101183 secs] [Times: user=0.09 sys=0.00, real=0.01 secs] 
2025-10-21T16:51:44.984+0800: 3143.655: [GC (Allocation Failure) [PSYoungGen: 910976K->2224K(1187840K)] 1263387K->354691K(2598400K), 0.0030299 secs] [Times: user=0.00 sys=0.00, real=0.00 secs] 
2025-10-21T16:51:49.512+0800: 3148.183: [GC (Allocation Failure) [PSYoungGen: 1111728K->1008K(1085952K)] 1464195K->353491K(2496512K), 0.0038270 secs] [Times: user=0.00 sys=0.00, real=0.00 secs] 
2025-10-21T16:51:50.183+0800: 3148.855: [GC (Allocation Failure) [PSYoungGen: 1085936K->2368K(1120256K)] 1438419K->354899K(2530816K), 0.7529368 secs] [Times: user=0.00 sys=0.00, real=0.77 secs] 
2025-10-21T16:51:55.939+0800: 3154.610: [GC (Allocation Failure) [PSYoungGen: 1063744K->1184K(1040384K)] 1416275K->353715K(2450944K), 0.0023828 secs] [Times: user=0.00 sys=0.00, real=0.00 secs] 
2025-10-21T16:51:56.601+0800: 3155.282: [GC (Allocation Failure) [PSYoungGen: 1040032K->2528K(1069056K)] 1392563K->355059K(2479616K), 0.0037834 secs] [Times: user=0.00 sys=0.00, real=0.01 secs] 
